Evaluating file /home/banotht.scee.iitmandi/mosfet_tutorial/sde_dvs.cmd
---> (sdegeo:set-auto-region-naming ON)
#t
---> (sdegeo:create-rectangle (position -0.5 0 0) (position 0.5 1 0) Silicon region_1)
#[body 352 1]
---> (sdegeo:create-rectangle (position -0.2 -0.004 0) (position 0.2 0 0) SiO2 region_1)
#[body 353 1]
---> (sdegeo:create-rectangle (position -0.2 -0.2 0) (position 0.2 -0.004 0) Si3N4 region_2)
#[body 354 1]
---> (sdegeo:create-rectangle (position -0.1 -0.2 0) (position 0.1 -0.004 0) PolySi region_3)
#[body 355 1]
---> (sdegeo:create-rectangle (position -0.5 0.1 0) (position 0.5 0.2 0) SiO2 region_4)
#[body 356 1]
---> (sdegeo:fillet-2d (list (car (find-vertex-id (position 0.2 -0.2 0))) (car (find-vertex-id (position -0.2 -0.2 0)))) 0.08)
(#[body 419 1])
---> (render:rebuild)
()
---> (sdegeo:define-contact-set source 4 (color:rgb 1 0 0) ##)
()
---> (sdegeo:define-contact-set drain 4 (color:rgb 0 1 0) ##)
()
---> (sdegeo:define-contact-set gate 4 (color:rgb 1 1 0) ##)
()
---> (sdegeo:define-contact-set substrate 4 (color:rgb 0 0 1) ##)
()
---> (sdegeo:define-contact-set bodytie 4 (color:rgb 1 1 1) ##)
()
---> (sdegeo:set-current-contact-set source)
"bodytie"
---> (sdegeo:set-contact (list (car (find-edge-id (position -0.35 0 0)))) source)
#t
---> (sdegeo:set-current-contact-set drain)
"source"
---> (sdegeo:set-contact (list (car (find-edge-id (position 0.35 0 0)))) drain)
#t
---> (sdegeo:set-current-contact-set substrate)
"drain"
---> (sdegeo:set-contact (list (car (find-edge-id (position 0.0 1.0 0)))) substrate)
#t
---> (sdegeo:set-current-contact-set gate)
"substrate"
---> (sdegeo:set-contact (list (car (find-body-id (position 0 -0.102 0)))) gate)
#t
---> (sdegeo:set-contact (list (car (find-edge-id (position 0.0 -0.2 0))) (car (find-edge-id (position 0.1 -0.102 0))) (car (find-edge-id (position 0.0 -0.004 0))) (car (find-edge-id (position -0.1 -0.102 0)))) gate)
#t
---> (sdegeo:delete-region (list (car (find-body-id (position 0 -0.102 0)))))
()
---> (render:rebuild)
()
---> (sdegeo:insert-vertex (position -0.1 0.1 0))
(#[vertex 492 1] #[vertex 491 1])
---> (sdegeo:insert-vertex (position -0.05 0.1 0))
(#[vertex 494 1] #[vertex 493 1])
---> (sdegeo:set-current-contact-set bodytie)
"gate"
---> (sdegeo:set-contact (list (car (find-edge-id (position -0.075 0.1 0)))) bodytie)
#t
---> (render:rebuild)
()
---> (sdedr:define-constant-profile Const.Silicon BoronActiveConcentration 1e+15)
#t
---> (sdedr:define-constant-profile-material PlaceCD.Silicon Const.Silicon Silicon)
#t
---> (sdedr:define-refeval-window RefWin.all Rectangle (position -1 -1 0) (position 1 1 0))
#[body 499 1]
---> (sdedr:define-refinement-size RefDef.all 0.25 0.1 0.25 1)
#t
---> (sdedr:define-refinement-placement Place.RF.all RefDef.all (list window RefWin.all))
#t
---> (sde:set-meshing-command snmesh)
#t
---> (sde:build-mesh  /home/banotht.scee.iitmandi/mosfet_tutorial/final_structure)
#t
---> (sde:save-model /home/banotht.scee.iitmandi/mosfet_tutorial/final_structure)
#t
---> (system:command svisual /home/banotht.scee.iitmandi/mosfet_tutorial/final_structure_msh.tdr &)
0
---> #[end-of-file]
"************************************************************************"
"Sentaurus Structure Editor "
"Start Time:    Fri Dec 19 12:21:12 2025"
"End   Time:    Fri Dec 19 12:21:32 2025"
"Total Execution Time (sec):    20"
"Total System calls Time (sec): 0"
"************************************************************************"
